[1;30m===============================================================================[0m

[1;35m                   __                 _ _                _
[1;35m                  / _³ ___   ___   __³ ³ ³__   __ _ _ __³ ³ __
[1;35m                 ³ ³_ / _ \ / _ \ / _` ³ '_ \ / _` ³ '__³ ³/ /
[1;35m                 ³  _³ (_) ³ (_) ³ (_³ ³ ³_) ³ (_³ ³ ³  ³   <
[1;35m                 ³_³  \___/ \___/ \__,_³_.__/ \__,_³_³  ³_³\_\

[1;30m          formerly NaClCON BBS, the unofficial board for NaClCON 2026[0m

[1;36m                      Missoula, Montana  *  naclconbbs.net[0m

[1;30m===============================================================================[0m
